EN registradorrdm NULL C:/Users/natal/Documents/GitHub/Neander/RegistradorRDM.vhd sub00/vhpl29 1475035037
AR unidadecontrole behavioral C:/Users/natal/Documents/GitHub/Neander/UnidadeControle.vhd sub00/vhpl19 1475035046
EN cont8 NULL C:/Users/natal/Documents/GitHub/Neander/Cont8.vhd sub00/vhpl02 1475035027
AR registradorrdm behavioral C:/Users/natal/Documents/GitHub/Neander/RegistradorRDM.vhd sub00/vhpl30 1475035038
AR mux behavioral C:/Users/natal/Documents/GitHub/Neander/Mux.vhd sub00/vhpl09 1475035036
EN mux3 NULL C:/Users/natal/Documents/GitHub/Neander/Mux3.vhd sub00/vhpl25 1475035029
EN divfreq NULL C:/Users/natal/Documents/GitHub/Neander/DivFreq.vhd sub00/vhpl21 1475035025
AR divfreq behavioral C:/Users/natal/Documents/GitHub/Neander/DivFreq.vhd sub00/vhpl22 1475035026
EN flipflopjk NULL C:/Users/natal/Documents/GitHub/Neander/FlipFlopJK.vhd sub00/vhpl12 1474725218
EN unidadecontrole NULL C:/Users/natal/Documents/GitHub/Neander/UnidadeControle.vhd sub00/vhpl18 1475035045
AR memoria memoria_a C:/Users/natal/Documents/GitHub/Neander/ipcore_dir/Memoria.vhd sub00/vhpl28 1475035034
EN neander NULL C:/Users/natal/Documents/GitHub/Neander/Neander.vhd sub00/vhpl23 1475035047
AR cont8 behavioral C:/Users/natal/Documents/GitHub/Neander/Cont8.vhd sub00/vhpl03 1475035028
AR flipflopjk behavioral C:/Users/natal/Documents/GitHub/Neander/FlipFlopJK.vhd sub00/vhpl13 1474725219
AR decoder behavioral C:/Users/natal/Documents/GitHub/Neander/Decoder.vhd sub00/vhpl01 1475035040
EN ula NULL C:/Users/natal/Documents/GitHub/Neander/ULA.vhd sub00/vhpl10 1475035041
EN uc NULL C:/Users/natal/Documents/GitHub/Neander/UC.vhd sub00/vhpl20 1474750459
AR reg2 behavioral C:/Users/natal/Documents/GitHub/Neander/Reg2.vhd sub00/vhpl05 1475035044
EN decoder3 NULL C:/Users/natal/Documents/GitHub/Neander/Decoder3.vhd sub00/vhpl14 1474725220
AR ula behavioral C:/Users/natal/Documents/GitHub/Neander/ULA.vhd sub00/vhpl11 1475035042
EN registrador NULL C:/Users/natal/Documents/GitHub/Neander/Registrador.vhd sub00/vhpl06 1475035031
EN memoria NULL C:/Users/natal/Documents/GitHub/Neander/ipcore_dir/Memoria.vhd sub00/vhpl27 1475035033
AR geradortempos behavioral C:/Users/natal/Documents/GitHub/Neander/GeradorTempos.vhd sub00/vhpl17 1474725223
AR decoder3 behavioral C:/Users/natal/Documents/GitHub/Neander/Decoder3.vhd sub00/vhpl15 1474725221
AR mux3 behavioral C:/Users/natal/Documents/GitHub/Neander/Mux3.vhd sub00/vhpl26 1475035030
EN mux NULL C:/Users/natal/Documents/GitHub/Neander/Mux.vhd sub00/vhpl08 1475035035
EN geradortempos NULL C:/Users/natal/Documents/GitHub/Neander/GeradorTempos.vhd sub00/vhpl16 1474725222
EN reg2 NULL C:/Users/natal/Documents/GitHub/Neander/Reg2.vhd sub00/vhpl04 1475035043
EN decoder NULL C:/Users/natal/Documents/GitHub/Neander/Decoder.vhd sub00/vhpl00 1475035039
AR neander behavioral C:/Users/natal/Documents/GitHub/Neander/Neander.vhd sub00/vhpl24 1475035048
AR registrador behavioral C:/Users/natal/Documents/GitHub/Neander/Registrador.vhd sub00/vhpl07 1475035032
