EN registradorrdm NULL C:/Users/natal/Documents/GitHub/Neander/RegistradorRDM.vhd sub00/vhpl29 1475028354
AR unidadecontrole behavioral C:/Users/natal/Documents/GitHub/Neander/UnidadeControle.vhd sub00/vhpl19 1475028363
EN cont8 NULL C:/Users/natal/Documents/GitHub/Neander/Cont8.vhd sub00/vhpl02 1475028344
AR registradorrdm behavioral C:/Users/natal/Documents/GitHub/Neander/RegistradorRDM.vhd sub00/vhpl30 1475028355
AR mux behavioral C:/Users/natal/Documents/GitHub/Neander/Mux.vhd sub00/vhpl09 1475028353
EN mux3 NULL C:/Users/natal/Documents/GitHub/Neander/Mux3.vhd sub00/vhpl25 1475028346
EN divfreq NULL C:/Users/natal/Documents/GitHub/Neander/DivFreq.vhd sub00/vhpl21 1475028342
AR divfreq behavioral C:/Users/natal/Documents/GitHub/Neander/DivFreq.vhd sub00/vhpl22 1475028343
EN flipflopjk NULL C:/Users/natal/Documents/GitHub/Neander/FlipFlopJK.vhd sub00/vhpl12 1474725218
EN unidadecontrole NULL C:/Users/natal/Documents/GitHub/Neander/UnidadeControle.vhd sub00/vhpl18 1475028362
AR memoria memoria_a C:/Users/natal/Documents/GitHub/Neander/ipcore_dir/Memoria.vhd sub00/vhpl28 1475028351
EN neander NULL C:/Users/natal/Documents/GitHub/Neander/Neander.vhd sub00/vhpl23 1475028364
AR cont8 behavioral C:/Users/natal/Documents/GitHub/Neander/Cont8.vhd sub00/vhpl03 1475028345
AR flipflopjk behavioral C:/Users/natal/Documents/GitHub/Neander/FlipFlopJK.vhd sub00/vhpl13 1474725219
AR decoder behavioral C:/Users/natal/Documents/GitHub/Neander/Decoder.vhd sub00/vhpl01 1475028357
EN ula NULL C:/Users/natal/Documents/GitHub/Neander/ULA.vhd sub00/vhpl10 1475028358
EN uc NULL C:/Users/natal/Documents/GitHub/Neander/UC.vhd sub00/vhpl20 1474750459
AR reg2 behavioral C:/Users/natal/Documents/GitHub/Neander/Reg2.vhd sub00/vhpl05 1475028361
EN decoder3 NULL C:/Users/natal/Documents/GitHub/Neander/Decoder3.vhd sub00/vhpl14 1474725220
AR ula behavioral C:/Users/natal/Documents/GitHub/Neander/ULA.vhd sub00/vhpl11 1475028359
EN registrador NULL C:/Users/natal/Documents/GitHub/Neander/Registrador.vhd sub00/vhpl06 1475028348
EN memoria NULL C:/Users/natal/Documents/GitHub/Neander/ipcore_dir/Memoria.vhd sub00/vhpl27 1475028350
AR geradortempos behavioral C:/Users/natal/Documents/GitHub/Neander/GeradorTempos.vhd sub00/vhpl17 1474725223
AR decoder3 behavioral C:/Users/natal/Documents/GitHub/Neander/Decoder3.vhd sub00/vhpl15 1474725221
AR mux3 behavioral C:/Users/natal/Documents/GitHub/Neander/Mux3.vhd sub00/vhpl26 1475028347
EN mux NULL C:/Users/natal/Documents/GitHub/Neander/Mux.vhd sub00/vhpl08 1475028352
EN geradortempos NULL C:/Users/natal/Documents/GitHub/Neander/GeradorTempos.vhd sub00/vhpl16 1474725222
EN reg2 NULL C:/Users/natal/Documents/GitHub/Neander/Reg2.vhd sub00/vhpl04 1475028360
EN decoder NULL C:/Users/natal/Documents/GitHub/Neander/Decoder.vhd sub00/vhpl00 1475028356
AR neander behavioral C:/Users/natal/Documents/GitHub/Neander/Neander.vhd sub00/vhpl24 1475028365
AR registrador behavioral C:/Users/natal/Documents/GitHub/Neander/Registrador.vhd sub00/vhpl07 1475028349
