AR unidadecontrole behavioral C:/Users/natal/Documents/GitHub/Neander/UnidadeControle.vhd sub00/vhpl19 1474750483
EN cont8 NULL "C:/Users/natal/Documents/Faculdade/4 Semestre/Sistemas Digitais/Neander/Cont8.vhd" sub00/vhpl02 1473903138
AR mux behavioral C:/Users/natal/Documents/GitHub/Neander/Mux.vhd sub00/vhpl09 1474233206
EN divfreq NULL C:/Users/natal/Documents/GitHub/Neander/DivFreq.vhd sub00/vhpl21 1474940977
AR divfreq behavioral C:/Users/natal/Documents/GitHub/Neander/DivFreq.vhd sub00/vhpl22 1474940978
EN flipflopjk NULL C:/Users/natal/Documents/GitHub/Neander/FlipFlopJK.vhd sub00/vhpl12 1474725218
EN unidadecontrole NULL C:/Users/natal/Documents/GitHub/Neander/UnidadeControle.vhd sub00/vhpl18 1474750482
EN neander NULL C:/Users/natal/Documents/GitHub/Neander/Neander.vhd sub00/vhpl23 1474940979
AR cont8 behavioral "C:/Users/natal/Documents/Faculdade/4 Semestre/Sistemas Digitais/Neander/Cont8.vhd" sub00/vhpl03 1473903139
AR flipflopjk behavioral C:/Users/natal/Documents/GitHub/Neander/FlipFlopJK.vhd sub00/vhpl13 1474725219
AR decoder behavioral C:/Users/natal/Documents/GitHub/Neander/Decoder.vhd sub00/vhpl01 1474236368
EN ula NULL C:/Users/natal/Documents/GitHub/Neander/ULA.vhd sub00/vhpl10 1474932343
EN uc NULL C:/Users/natal/Documents/GitHub/Neander/UC.vhd sub00/vhpl20 1474750459
AR reg2 behavioral C:/Users/natal/Documents/GitHub/Neander/Reg2.vhd sub00/vhpl05 1474929812
EN decoder3 NULL C:/Users/natal/Documents/GitHub/Neander/Decoder3.vhd sub00/vhpl14 1474725220
AR ula behavioral C:/Users/natal/Documents/GitHub/Neander/ULA.vhd sub00/vhpl11 1474932344
EN registrador NULL C:/Users/natal/Documents/GitHub/Neander/Registrador.vhd sub00/vhpl06 1474233125
AR geradortempos behavioral C:/Users/natal/Documents/GitHub/Neander/GeradorTempos.vhd sub00/vhpl17 1474725223
AR decoder3 behavioral C:/Users/natal/Documents/GitHub/Neander/Decoder3.vhd sub00/vhpl15 1474725221
EN mux NULL C:/Users/natal/Documents/GitHub/Neander/Mux.vhd sub00/vhpl08 1474233205
EN geradortempos NULL C:/Users/natal/Documents/GitHub/Neander/GeradorTempos.vhd sub00/vhpl16 1474725222
EN reg2 NULL C:/Users/natal/Documents/GitHub/Neander/Reg2.vhd sub00/vhpl04 1474929811
EN decoder NULL C:/Users/natal/Documents/GitHub/Neander/Decoder.vhd sub00/vhpl00 1474236367
AR neander behavioral C:/Users/natal/Documents/GitHub/Neander/Neander.vhd sub00/vhpl24 1474940980
AR registrador behavioral C:/Users/natal/Documents/GitHub/Neander/Registrador.vhd sub00/vhpl07 1474233126
