V3 33
FL C:/Users/leodo/Documents/GitHub/Neander/UnidadeControle.vhd 2016/09/18.20:35:10 P.20131013
EN work/UnidadeControle 1474241860 \
      FL C:/Users/leodo/Documents/GitHub/Neander/UnidadeControle.vhd \
      PB ieee/std_logic_1164 1381692176
AR work/UnidadeControle/Behavioral 1474241861 \
      FL C:/Users/leodo/Documents/GitHub/Neander/UnidadeControle.vhd \
      EN work/UnidadeControle 1474241860
FL "C:/Users/natal/Documents/Faculdade/4 Semestre/Sistemas Digitais/Neander/Cont8.vhd" 2016/09/14.22:32:15 P.20131013
EN work/Cont8 1473903138 \
      FL "C:/Users/natal/Documents/Faculdade/4 Semestre/Sistemas Digitais/Neander/Cont8.vhd" \
      PB ieee/std_logic_1164 1381692176 PB ieee/STD_LOGIC_UNSIGNED 1381692179
AR work/Cont8/Behavioral 1473903139 \
      FL "C:/Users/natal/Documents/Faculdade/4 Semestre/Sistemas Digitais/Neander/Cont8.vhd" \
      EN work/Cont8 1473903138
FL "C:/Users/natal/Documents/Faculdade/4 Semestre/Sistemas Digitais/Neander/Decoder.vhd" 2016/09/14.22:20:03 P.20131013
FL "C:/Users/natal/Documents/Faculdade/4 Semestre/Sistemas Digitais/Neander/Reg2.vhd" 2016/09/14.22:35:27 P.20131013
EN work/Reg2 1473903330 \
      FL "C:/Users/natal/Documents/Faculdade/4 Semestre/Sistemas Digitais/Neander/Reg2.vhd" \
      PB ieee/std_logic_1164 1381692176
AR work/Reg2/Behavioral 1473903331 \
      FL "C:/Users/natal/Documents/Faculdade/4 Semestre/Sistemas Digitais/Neander/Reg2.vhd" \
      EN work/Reg2 1473903330
FL C:/Users/natal/Documents/GitHub/Neander/Decoder.vhd 2016/09/18.19:05:19 P.20131013
EN work/Decoder 1474236367 FL C:/Users/natal/Documents/GitHub/Neander/Decoder.vhd \
      PB ieee/std_logic_1164 1381692176
AR work/Decoder/Behavioral 1474236368 \
      FL C:/Users/natal/Documents/GitHub/Neander/Decoder.vhd EN work/Decoder 1474236367
FL C:/Users/natal/Documents/GitHub/Neander/Decoder3.vhd 2016/09/18.19:03:18 P.20131013
EN work/Decoder3 1474725220 \
      FL C:/Users/natal/Documents/GitHub/Neander/Decoder3.vhd \
      PB ieee/std_logic_1164 1381692176
AR work/Decoder3/Behavioral 1474725221 \
      FL C:/Users/natal/Documents/GitHub/Neander/Decoder3.vhd EN work/Decoder3 1474725220
FL C:/Users/natal/Documents/GitHub/Neander/FlipFlopJK.vhd 2016/09/18.18:39:30 P.20131013
EN work/FlipFlopJK 1474725218 \
      FL C:/Users/natal/Documents/GitHub/Neander/FlipFlopJK.vhd \
      PB ieee/std_logic_1164 1381692176
AR work/FlipFlopJK/Behavioral 1474725219 \
      FL C:/Users/natal/Documents/GitHub/Neander/FlipFlopJK.vhd \
      EN work/FlipFlopJK 1474725218
FL C:/Users/natal/Documents/GitHub/Neander/GeradorTempos.vhd 2016/09/24.10:53:35 P.20131013
EN work/GeradorTempos 1474725222 \
      FL C:/Users/natal/Documents/GitHub/Neander/GeradorTempos.vhd \
      PB ieee/std_logic_1164 1381692176
AR work/GeradorTempos/Behavioral 1474725223 \
      FL C:/Users/natal/Documents/GitHub/Neander/GeradorTempos.vhd \
      EN work/GeradorTempos 1474725222 CP work/FlipFlopJK CP work/Decoder3
FL C:/Users/natal/Documents/GitHub/Neander/Mux.vhd 2016/09/18.18:13:23 P.20131013
EN work/Mux 1474233205 FL C:/Users/natal/Documents/GitHub/Neander/Mux.vhd \
      PB ieee/std_logic_1164 1381692176
AR work/Mux/Behavioral 1474233206 \
      FL C:/Users/natal/Documents/GitHub/Neander/Mux.vhd EN work/Mux 1474233205
FL C:/Users/natal/Documents/GitHub/Neander/Registrador.vhd 2016/09/18.18:12:02 P.20131013
EN work/Registrador 1474233125 \
      FL C:/Users/natal/Documents/GitHub/Neander/Registrador.vhd \
      PB ieee/std_logic_1164 1381692176
AR work/Registrador/Behavioral 1474233126 \
      FL C:/Users/natal/Documents/GitHub/Neander/Registrador.vhd \
      EN work/Registrador 1474233125
FL C:/Users/natal/Documents/GitHub/Neander/ULA.vhd 2016/09/24.12:57:36 P.20131013
EN work/ULA 1474732663 FL C:/Users/natal/Documents/GitHub/Neander/ULA.vhd \
      PB ieee/std_logic_1164 1381692176 PB ieee/STD_LOGIC_UNSIGNED 1381692179
AR work/ULA/Behavioral 1474732664 \
      FL C:/Users/natal/Documents/GitHub/Neander/ULA.vhd EN work/ULA 1474732663
